  [  1/138] skip                             dept-orders    04-2021 PT. II Establishment and Incorporation of ERP.pdf  eta 0.0m
  [  2/138] skip                             dept-orders    03-2021 PT.II Firearm Exhibits Examination by the Trinidad a  eta 0.0m
  [  3/138] ok     1pp    838c  15.6s        dept-orders    04-2024 PT II FUL Guidlines Amendment.pdf  eta 43.4m
  [  4/138] ok     2pp   2123c  35.1s        dept-orders    05-2021 Organizational Chart Amendment to.pdf  eta 43.6m
  [  5/138] ok     2pp   3430c  36.9s        dept-orders    04-2022 PT. II National Operational Task Force.pdf  eta 30.0m
  [  6/138] ok     3pp   3567c  31.6s        dept-orders    101-2024 PT II AJIPA Amendment Act.pdf  eta 39.9m
  [  7/138] ok     2pp   3357c  37.3s        dept-orders    109-2021 Medico Legal Services October 2021.pdf  eta 48.9m
  [  8/138] ok     5pp   7818c  72.9s        dept-orders    08-2021 PT.II Establishment  of a Policy on the Expunging of  eta 40.5m
  [  9/138] ok     8pp   9726c 135.1s        dept-orders    05-2022 PT. II Northern Division DEMORC.pdf  eta 48.1m
  [ 10/138] skip                             dept-orders    12-2021 PT. II Police Service Trainee Regulations (Rescinded  eta 47.8m
  [ 11/138] ok     4pp   4788c  33.3s        dept-orders    13-2023 PT II Amendment to Firearm Fees.pdf  eta 50.3m
  [ 12/138] ok     2pp   2005c  16.3s        dept-orders    131-2024 PT II Amendment to SO 43 and DO 107-2021.pdf  eta 48.0m
  [ 13/138] ok     7pp  15997c 107.1s        dept-orders    114-2022 PT II Sanctioned Strength Amendment.pdf  eta 46.5m
  [ 14/138] ok     1pp    926c   7.6s        dept-orders    141-2023 PT II One More Chance List.pdf  eta 43.3m
  [ 15/138] ok     8pp  16351c 122.3s        dept-orders    11-2021 Amended Re establishment and re  organization of the  eta 40.1m
  [ 16/138] ok     4pp   5649c  38.9s        dept-orders    148-2022 PT. II Coastal and Air Support Unit Recruitment.pdf  eta 43.3m
  [ 17/138] ok     1pp    888c   8.5s        dept-orders    152-2024 PT II Rescindment of DO 282-2006.pdf  eta 41.0m
  [ 18/138] skip                             dept-orders    166-2023 PT II TTPS Events and Policy Procedure.pdf  eta 40.7m
  [ 19/138] ok    12pp  24141c 136.5s        dept-orders    141-2022 PT. II Divisional Gang Unit and Divisional Gang Reg  eta 45.2m
  [ 20/138] ok     6pp  12990c  69.6s        dept-orders    167-2023 PT II Use of Body Worn Cameras.pdf  eta 43.7m
  [ 21/138] ok     1pp   2011c  13.6s        dept-orders    182-2022 PT II 14 OF 2008 Amendment.pdf  eta 40.8m
  [ 22/138] ok     1pp    855c  12.8s        dept-orders    19-2023 PT II Increase in Messing-Catering Rates.pdf  eta 39.6m
  [ 23/138] ok    14pp  24875c 150.9s        dept-orders    145-2022 PT. II Establishment of Coastal and Air Support Uni  eta 38.7m
  [ 24/138] ok     2pp   4389c  28.0s        dept-orders    186-2022 PT. II DNA Samples.pdf  eta 36.4m
  [ 25/138] ok     1pp   1733c  19.9s        dept-orders    20-2021 PT. II Approval of Forensic Lab for DNA Testing.pdf  eta 36.2m
  [ 26/138] ok     4pp   5668c  52.9s        dept-orders    196-2022 PT. II IHRIS ESS.pdf  eta 38.3m
  [ 27/138] ok     8pp  13479c  94.3s        dept-orders    195-2022 PT. II ACH.pdf  eta 37.3m
  [ 28/138] ok     4pp   5255c  77.4s        exam-papers    2020 Police Promotion (Main Examination To The Rank of Serge  eta 36.8m
  [ 29/138] ok     3pp   4057c  29.7s        exam-papers    2020 Police Promotion (Main) ExaminationTo The Rank Of Corpo  eta 35.9m
  [ 30/138] ok     2pp   2912c  14.1s        dept-orders    209-2022 PT II National Trust Notice.pdf  eta 34.3m
  [ 31/138] ok     1pp    962c   9.2s        dept-orders    21-2025 PT II Amendment to Sanctioned Strength.pdf  eta 33.2m
  [ 32/138] ok     2pp   3584c  20.1s        dept-orders    213-2022 PT II Implementation of Commanders Whatsapp Chat Gr  eta 32.5m
  [ 33/138] ok     6pp  13699c  88.5s        exam-papers    2020 Police Promotion (Main) Examination To The Rank Of Corp  eta 32.9m
  [ 34/138] ok     3pp   5883c  37.7s        dept-orders    29-2023 PT II Serving Members as Sureties.pdf  eta 32.0m
  [ 35/138] ok     2pp   1669c  15.6s        dept-orders    31-2022 Org Chart Amended.pdf  eta 31.5m
  [ 36/138] ok     3pp   3262c  29.9s        dept-orders    31-2021 PT. II Proclamation of Electronic Monitoring Act No   eta 30.6m
  [ 37/138] ok     6pp  12382c  79.1s        acts           27-2021 Cash Seizures in Relation to the Proceeds of Crime A  eta 29.7m
  [ 38/138] ok     1pp   1061c   7.8s        dept-orders    34-2021 PT. II Amended Re-Establishment and Re-Organization   eta 28.6m
  [ 39/138] ok     2pp   2568c  21.8s        dept-orders    49-2021 PT. II Notice from Police Complaints Authority.pdf  eta 28.5m
  [ 40/138] ok     4pp   6428c  37.2s        dept-orders    42-2022 Part II Establishment of NOTF.pdf  eta 28.1m
  [ 41/138] ok     7pp  11871c  57.3s        dept-orders    32-2024 PT II Establishment of the Customer Service Unit (CS  eta 27.4m
  [ 42/138] ok     5pp   9674c  41.6s        dept-orders    49-2022 Part II Entitlement for Suspended or Interdicted Off  eta 27.2m
  [ 43/138] ok     2pp   3319c  30.1s        dept-orders    57-2021 Medico Services for May 2021.pdf  eta 27.5m
  [ 44/138] ok     2pp   3290c  23.7s        dept-orders    64-2021 Medico Legal Services June 2021.pdf  eta 27.4m
  [ 45/138] ok    12pp  13941c 106.5s        dept-orders    55-2024 PT II Guidelines for Operation of Station Councils.p  eta 27.7m
  [ 46/138] ok     8pp  20042c 122.9s        dept-orders    54-2021 PT. II Guidelines for Acting Appointments.pdf  eta 27.1m
  [ 47/138] ok     2pp   5010c  34.6s        dept-orders    68-2021 PT. II DNA Forms.pdf  eta 27.1m
  [ 48/138] ok     1pp   1364c  10.8s        dept-orders    69-2021 Legal Notice Emergency Powers Regulations (1).pdf  eta 26.5m
  [ 49/138] ok     1pp   1364c  10.2s        dept-orders    69-2021 Legal Notice Emergency Powers Regulations.pdf  eta 26.0m
  [ 50/138] ok     6pp  13651c 100.5s        dept-orders    65-2021 Establishment of the Community Operational Policing   eta 25.5m
  [ 51/138] ok     2pp   2622c  19.9s        dept-orders    70-2024 PT II Establishment of the Secretariat.pdf  eta 24.9m
  [ 52/138] ok     1pp   2663c  13.4s        dept-orders    71-2021 Amendment to 137 of 2020.pdf  eta 24.3m
  [ 53/138] ok     3pp   3320c  18.4s        dept-orders    72-2024 PT II TTPS Retiree Identification Card.pdf  eta 23.9m
  [ 54/138] ok     2pp   2848c  20.4s        dept-orders    79-2021 PT. II COSTAATT Invitation.pdf  eta 23.4m
  [ 55/138] ok    15pp  25302c 132.7s        dept-orders    68-2025 PT II Imprest Cash Management.pdf  eta 23.7m
  [ 56/138] ok     4pp   9744c  55.9s        dept-orders    81-2021 PT. II Windscreen and Window Tint Policy.pdf  eta 23.2m
  [ 57/138] ok     4pp   8349c  47.8s        dept-orders    84-2021 Examination Regime Change for Promotion Examination   eta 22.5m
  [ 58/138] ok     2pp   2456c  15.7s        dept-orders    87-2023 PT. II New Rates for Police Vehicle Washers.pdf  eta 22.0m
  [ 59/138] ok     1pp    296c   5.8s        manuals        Corporal Exam 2024 - Police Duties I.pdf  eta 21.5m
  [ 60/138] ok     2pp   2334c  15.2s        dept-orders    92-2022 PT II Amendment to Standing Order 2.pdf  eta 20.9m
  [ 61/138] ok     1pp    323c   4.7s        manuals        Corporal Exam 2024 - Police Duties II.pdf  eta 20.3m
  [ 62/138] ok     1pp    546c   4.2s        other          Corporal Exam 2024 - Supervisory Managment.pdf  eta 19.7m
  [ 63/138] ok     4pp   5902c  33.0s        dept-orders    91-2024 PT II Special Speed Limits Amendment - Legal Notice   eta 19.4m
  [ 64/138] ok     6pp  12416c  74.1s        manuals        Corporal Police Duties I 2022.pdf  eta 20.1m
  [ 65/138] ok     6pp  11637c  71.6s        manuals        Corporal Police Duties II 2022.pdf  eta 19.5m
  [ 66/138] ok     6pp   9845c  68.1s        exam-papers    Corporal Police Management 2022.pdf  eta 19.1m
  [ 67/138] ok     4pp   4634c  33.1s        exam-papers    Cpl Duties 2021.pdf  eta 19.0m
  [ 68/138] ok     4pp   6003c  32.9s        dept-orders    DO 10-2006 The Establishment of Human Resource Management Un  eta 18.6m
  [ 69/138] ok     1pp   1793c   9.9s        dept-orders    DO 100-2020 New Measures for Access to Airport Terminals.pdf  eta 18.0m
  [ 70/138] ok     1pp    879c   6.8s        dept-orders    DO 101-2020 Parking at the Riverside Carpark.pdf  eta 17.6m
  [ 71/138] ok     1pp    928c   7.8s        dept-orders    DO 110-2011 Part 2 Operational Wear.pdf  eta 17.2m
  [ 72/138] ok     2pp   3512c  17.9s        dept-orders    DO 109-2020 Proclamation of Motor Vehicles and Road Traffic   eta 16.8m
  [ 73/138] ok     1pp    956c   5.2s        dept-orders    DO 112-2017 Establishment of YTC as child rehabilitation Cen  eta 16.3m
  [ 74/138] ok     6pp  14650c  78.6s        exam-papers    Cpl Law 2021.pdf  eta 16.1m
  [ 75/138] ok     3pp   5686c  33.5s        dept-orders    DO 117-2020 Body Art and Modification Policy.pdf  eta 15.9m
  [ 76/138] ok     3pp   3555c  18.7s        dept-orders    DO 120-2017 Corporate Communication Unit.pdf  eta 15.4m
  [ 77/138] ok     5pp   7851c  48.8s        dept-orders    DO 112-2020 Resumption of Licensing Committee Operations.pdf  eta 15.1m
  [ 78/138] ok     1pp   1464c  10.0s        dept-orders    DO 126-2020 Establishment of Procedures (GEB and IATF).pdf  eta 14.8m
  [ 79/138] ok     9pp  17635c 100.6s        dept-orders    DO 125-2019 Use of Force Policy on Taser and Pepper-Spray(In  eta 15.5m
  [ 80/138] ok     7pp  11048c  94.2s        dept-orders    DO 127-2019 Special Investigations Unit (S.I.U).pdf  eta 15.1m
  [ 81/138] ok     9pp  18188c 118.3s        dept-orders    DO 126-2019 Use of Gas Less Lethal Force (GEB).pdf  eta 14.7m
  [ 82/138] ok     1pp   1403c  25.4s        dept-orders    DO 13-2020 Exempted from law exams SDO's.pdf  eta 14.4m
  [ 83/138] ok     4pp   4627c  40.8s        dept-orders    DO 135-2019 New Organizational Chart and Executive Office Ti  eta 14.3m
  [ 84/138] ok     6pp   6812c  49.7s        dept-orders    DO 134-2019 Issuance of Police Badges as an item of kit in t  eta 14.0m
  [ 85/138] ok     4pp   6837c  46.7s        dept-orders    DO 137-2020 Policy on Suspension.pdf  eta 13.6m
  [ 86/138] ok     4pp   8144c  41.7s        dept-orders    DO 141-2020 Promotion Advisory Board.pdf  eta 13.6m
  [ 87/138] ok     1pp   1026c   6.3s        dept-orders    DO 15-2018 Consular Notification.pdf  eta 13.2m
  [ 88/138] ok    11pp  20189c  75.8s        dept-orders    DO 15-2015 Est Child Protection .pdf  eta 13.1m
  [ 89/138] ok     1pp   1530c   8.1s        dept-orders    DO 163-2020 Extension of Employment.pdf  eta 12.8m
  [ 90/138] ok    16pp  32028c 116.4s        dept-orders    DO 14-2008 Disciplinary Procedures and Complaints.pdf  eta 12.6m
  [ 91/138] ok     1pp   1209c   7.9s        dept-orders    DO 186-2019 Opening of the Hunting Season.pdf  eta 12.2m
  [ 92/138] ok     4pp   9510c  44.0s        dept-orders    DO 172-2020 Medical Board Policy and Procedure.pdf  eta 12.0m
  [ 93/138] ok    15pp  13360c  95.4s        dept-orders    DO 162-2015 Institutionalisation Of Peer Counsellors Into Th  eta 11.7m
  [ 94/138] ok     3pp   5091c  27.4s        dept-orders    DO 19-2019 Overtime Management.pdf  eta 11.3m
  [ 95/138] ok     7pp   3832c  40.0s        dept-orders    DO 23-2020 Criminal Procedure Act Amendment to.pdf  eta 11.2m
  [ 96/138] ok     6pp  10695c  53.4s        dept-orders    DO 210-2019 The Victim and Witness Support Unit.pdf  eta 10.9m
  [ 97/138] ok     2pp   3067c  13.2s        dept-orders    DO 37-2014 Women Police Wearing Pants.pdf  eta 10.6m
  [ 98/138] skip                             dept-orders    DO 44-2017 Judges Rules for Children 2016.pdf  eta 10.3m
  [ 99/138] ok     2pp   2693c  13.4s        dept-orders    DO 52-2018 COSTAATT.pdf  eta 10.0m
  [100/138] ok     3pp   5399c  23.6s        dept-orders    DO 41-2015 Trauma Kit Bandage Experiment.pdf  eta 9.7m
  [101/138] ok     2pp   2365c  17.6s        dept-orders    DO 56-2020 Bailiff Committee.pdf  eta 9.4m
  [102/138] ok     9pp  15129c  99.6s        dept-orders    DO 227-2019 The Amalgamation of OPACS and CCTV.pdf  eta 9.2m
  [103/138] ok     7pp  10969c  43.3s        dept-orders    DO 57-2015 Amendments To CPU.pdf  eta 9.0m
  [104/138] ok     6pp  10245c  64.7s        dept-orders    DO 52-2020 Cyber and Social Media Unit.pdf  eta 8.7m
  [105/138] ok     2pp   2558c  13.3s        dept-orders    DO 60-2018 FIREARM OFFENCES AS SERIOUS CRIMES.pdf  eta 8.4m
  [106/138] ok     2pp   3541c  16.3s        dept-orders    DO 71-2018 Monitoring, Evaluation and Compliance Unit.pdf  eta 8.1m
  [107/138] ok     1pp   1569c   9.7s        dept-orders    DO 76-2019 Recuitment MOPS.pdf  eta 7.8m
  [108/138] ok     7pp  17704c  95.7s        dept-orders    DO 59-2020 Air Support Unit.pdf  eta 7.7m
  [109/138] ok     9pp  13983c  61.1s        dept-orders    DO 77-2018 Speed Measuring Devices.pdf  eta 7.5m
  [110/138] ok    16pp  12361c  94.6s        dept-orders    DO 75-2018 Institutionalisation of Peer Counsellors into the  eta 7.2m
  [111/138] ok    10pp  15965c  65.3s        dept-orders    DO 78-2018 Fleet Card Facility.pdf  eta 7.0m
  [112/138] ok     5pp   9394c  44.1s        dept-orders    DO 8-2006 Transformation of Police Service Training Initiati  eta 6.7m
  [113/138] ok    10pp  17615c  67.8s        dept-orders    DO 80-2018 Breathalyzer Instruments and Procedures.pdf  eta 6.5m
  [114/138] ok     5pp   9646c  45.1s        dept-orders    DO 80-2019 Re-Establishment and Re-Organization of the Legal  eta 6.2m
  [115/138] ok     2pp   2851c  14.0s        dept-orders    DO 91-2018 Police Examination to the rank of Inspector.pdf  eta 5.9m
  [116/138] ok     4pp   5827c  25.8s        dept-orders    DO 97-2013 Conference.pdf  eta 5.7m
  [117/138] ok     1pp    593c   7.6s        other          Firearm Holders Form.pdf  eta 5.4m
  [118/138] ok     2pp   2402c  22.8s        other          Forensic Science.pdf  eta 5.2m
  [119/138] ok    17pp  23518c 113.3s        dept-orders    DO 81-2018 TTPS Sex Offenders Registry.pdf  eta 4.9m
  [120/138] ok     9pp  16709c 102.3s        dept-orders    DO 98-2020 Amendment to D.O 125 of 2019 use of force Pepper   eta 4.7m
  [121/138] ok     6pp  12060c  81.3s        other          Inspector Business Communication 2021.pdf  eta 4.5m
  [122/138] ok     6pp  12745c  67.5s        exam-papers    Law Cpl 2018.pdf  eta 4.2m
  [123/138] ok     6pp  11912c  61.7s        exam-papers    Law Cpl 2019.pdf  eta 4.0m
  [124/138] skip                             other          Orders 04-2025 PT II State of Public Emergency.pdf  eta 3.7m
  [125/138] ok     6pp  12849c  63.5s        exam-papers    Law Sgt 2018.pdf  eta 3.4m
  [126/138] ok     4pp   4952c  25.8s        exam-papers    Police Duties Cpl 2018.pdf  eta 3.2m
  [127/138] ok     6pp  13178c  69.2s        exam-papers    Law Sgt 2019.pdf  eta 2.9m
  [128/138] ok     4pp   5422c  30.3s        exam-papers    Police Duties Cpl 2019.pdf  eta 2.6m
  [129/138] ok     4pp   5729c  31.7s        exam-papers    Police Duties Sgt 2019.pdf  eta 2.3m
  [130/138] ok     8pp  15883c  79.1s        manuals        Sergeant Police Duties I 2022.pdf  eta 2.1m
  [131/138] ok     8pp  13564c  69.9s        manuals        Sergeant Police Duties I 2024.pdf  eta 1.9m
  [132/138] ok     7pp  15120c  69.6s        manuals        Sergeant Police Duties II 2022.pdf  eta 1.6m
  [133/138] ok     8pp  13454c  68.9s        manuals        Sergeant Police Duties II, Investigations, Evidence and Proc  eta 1.3m
  [134/138] ok     8pp  10527c  63.4s        exam-papers    Sergeant Police Supervision-Management 2024.pdf  eta 1.1m
  [135/138] ok     9pp  14730c  74.3s        exam-papers    Sergeant Police Management 2022.pdf  eta 0.8m
  [136/138] ok     4pp   4366c  29.9s        exam-papers    Sgt Duties 2021.pdf  eta 0.5m
  [137/138] ok     9pp  11214c  40.2s        standing-orders SO 17 STATION DIARY.pdf  eta 0.3m
  [138/138] ok     6pp  15376c  55.9s        exam-papers    Sgt Law 2021.pdf  eta 0.0m